[   14470ms] [ERROR] Failed to load resource: the server responded with a status of 500 (Internal Server Error) @ http://localhost:3000/:0
[   14740ms] Error: Syntax error: C:\temp\Lyra-MetaCare\src\app\globals.css The `bg-card/92` class does not exist. If `bg-card/92` is a custom class, make sure it is defined within a `@layer` directive.

  330 | 
  331 |   .surface-soft {
> 332 |     @apply rounded-[24px] border bg-card/92;
      |     ^
  333 |     border-color: hsl(var(--border) / 0.9);
  334 |     box-shadow: var(--shadow);

    at getCssError (file://C:\temp\Lyra-MetaCare\node_modules\.pnpm\next@15.3.4_@babel+core@7.2_96ebd3291836330e16229182522ca087\node_modules\next\dist\build\webpack\plugins\wellknown-errors-plugin\parseCss.js:24:16)
    at getModuleBuildError (file://C:\temp\Lyra-MetaCare\node_modules\.pnpm\next@15.3.4_@babel+core@7.2_96ebd3291836330e16229182522ca087\node_modules\next\dist\build\webpack\plugins\wellknown-errors-plugin\webpackModuleError.js:115:43)
    at process.processTicksAndRejections (node:internal/process/task_queues:103:5)
    at async (file://C:\temp\Lyra-MetaCare\node_modules\.pnpm\next@15.3.4_@babel+core@7.2_96ebd3291836330e16229182522ca087\node_modules\next\dist\build\webpack\plugins\wellknown-errors-plugin\index.js:29:49)
    at async (file://C:\temp\Lyra-MetaCare\node_modules\.pnpm\next@15.3.4_@babel+core@7.2_96ebd3291836330e16229182522ca087\node_modules\next\dist\build\webpack\plugins\wellknown-errors-plugin\index.js:27:21)
[   14736ms] [ERROR] ./src/app/globals.css:332:5
Syntax error: C:\temp\Lyra-MetaCare\src\app\globals.css The `bg-card/92` class does not exist. If `bg-card/92` is a custom class, make sure it is defined within a `@layer` directive.

  330 | 
  331 |   .surface-soft {
> 332 |     @apply rounded-[24px] border bg-card/92;
      |     ^
  333 |     border-color: hsl(var(--border) / 0.9);
  334 |     box-shadow: var(--shadow); @ webpack-internal:///(pages-dir-browser)/./node_modules/.pnpm/next@15.3.4_@babel+core@7.2_96ebd3291836330e16229182522ca087/node_modules/next/dist/client/components/react-dev-overlay/pages/client.js:81
[   14737ms] [ERROR] ./src/app/globals.css
Syntax error: C:\temp\Lyra-MetaCare\src\app\globals.css The `bg-card/92` class does not exist. If `bg-card/92` is a custom class, make sure it is defined within a `@layer` directive. (332:5)

  330 | 
  331 |   .surface-soft {
> 332 |     @apply rounded-[24px] border bg-card/92;
      |     ^
  333 |     border-color: hsl(var(--border) / 0.9);
  334 |     box-shadow: var(--shadow);
-- inner error --
Syntax error: C:\temp\Lyra-MetaCare\src\app\globals.css The `bg-card/92` class does not exist. If `bg-card/92` is a custom class, make sure it is defined within a `@layer` directive. (332:5)

  330 | 
  331 |   .surface-soft {
> 332 |     @apply rounded-[24px] border bg-card/92;
      |     ^
  333 |     border-color: hsl(var(--border) / 0.9);
  334 |     box-shadow: var(--shadow);
Generated code for C:\temp\Lyra-MetaCare\node_modules\.pnpm\next@15.3.4_@babel+core@7.2_96ebd3291836330e16229182522ca087\node_modules\next\dist\build\webpack\loaders\css-loader\src\index.js??ruleSet[1].rules[13].oneOf[10].use[2]!C:\temp\Lyra-MetaCare\node_modules\.pnpm\next@15.3.4_@babel+core@7.2_96ebd3291836330e16229182522ca087\node_modules\next\dist\build\webpack\loaders\postcss-loader\src\index.js??ruleSet[1].rules[13].oneOf[10].use[3]!C:\temp\Lyra-MetaCare\src\app\globals.css @ webpack-internal:///(pages-dir-browser)/./node_modules/.pnpm/next@15.3.4_@babel+core@7.2_96ebd3291836330e16229182522ca087/node_modules/next/dist/client/components/react-dev-overlay/pages/client.js:81
[   15005ms] [ERROR] Failed to load resource: the server responded with a status of 500 (Internal Server Error) @ http://localhost:3000/favicon.ico:0
[   71806ms] [WARNING] [Fast Refresh] performing full reload

Fast Refresh will perform a full reload when you edit a file that's imported by modules outside of the React rendering tree.
You might have a file which exports a React component but also exports a value that is imported by a non-React component file.
Consider migrating the non-React component export to a separate file and importing it into both files.

It is also possible the parent component of the component you edited is a class component, which disables Fast Refresh.
Fast Refresh requires at least one parent function component in your React tree. @ webpack-internal:///(pages-dir-browser)/./node_modules/.pnpm/next@15.3.4_@babel+core@7.2_96ebd3291836330e16229182522ca087/node_modules/next/dist/client/components/react-dev-overlay/pages/hot-reloader-client.js:336
[   76528ms] [ERROR] Failed to load resource: the server responded with a status of 500 (Internal Server Error) @ http://localhost:3000/api/auth/session:0
[   76529ms] Unexpected token '<', "<!DOCTYPE "... is not valid JSON
[   80196ms] [ERROR] Failed to load resource: the server responded with a status of 500 (Internal Server Error) @ http://localhost:3000/api/auth/session:0
[   80197ms] Unexpected token '<', "<!DOCTYPE "... is not valid JSON
[  245350ms] [WARNING] [Fast Refresh] performing full reload

Fast Refresh will perform a full reload when you edit a file that's imported by modules outside of the React rendering tree.
You might have a file which exports a React component but also exports a value that is imported by a non-React component file.
Consider migrating the non-React component export to a separate file and importing it into both files.

It is also possible the parent component of the component you edited is a class component, which disables Fast Refresh.
Fast Refresh requires at least one parent function component in your React tree. @ webpack-internal:///(app-pages-browser)/./node_modules/.pnpm/next@15.3.4_@babel+core@7.2_96ebd3291836330e16229182522ca087/node_modules/next/dist/client/components/react-dev-overlay/app/hot-reloader-client.js:112
