[   86950ms] ChunkLoadError: Loading chunk _app-pages-browser_node_modules_pnpm_next_15_3_4__babel_core_7_2_96ebd3291836330e16229182522c-3e190c failed.
(timeout: http://localhost:3000/_next/static/chunks/_app-pages-browser_node_modules_pnpm_next_15_3_4__babel_core_7_2_96ebd3291836330e16229182522c-3e190c.js)
    at __webpack_require__.f.j (http://localhost:3000/_next/static/chunks/webpack.js?v=1774024514329:858:29)
    at http://localhost:3000/_next/static/chunks/webpack.js?v=1774024514329:153:40
    at Array.reduce (<anonymous>)
    at __webpack_require__.e (http://localhost:3000/_next/static/chunks/webpack.js?v=1774024514329:152:67)
    at fn.e (http://localhost:3000/_next/static/chunks/webpack.js?v=1774024514329:389:50)
    at eval (webpack-internal:///(app-pages-browser)/./node_modules/.pnpm/next@15.3.4_@babel+core@7.2_96ebd3291836330e16229182522ca087/node_modules/next/dist/client/components/react-dev-overlay/utils/use-websocket.js:78:29)
    at react-stack-bottom-frame (webpack-internal:///(app-pages-browser)/./node_modules/.pnpm/next@15.3.4_@babel+core@7.2_96ebd3291836330e16229182522ca087/node_modules/next/dist/compiled/react-dom/cjs/react-dom-client.development.js:23055:20)
    at runWithFiberInDEV (webpack-internal:///(app-pages-browser)/./node_modules/.pnpm/next@15.3.4_@babel+core@7.2_96ebd3291836330e16229182522ca087/node_modules/next/dist/compiled/react-dom/cjs/react-dom-client.development.js:845:30)
    at commitHookEffectListMount (webpack-internal:///(app-pages-browser)/./node_modules/.pnpm/next@15.3.4_@babel+core@7.2_96ebd3291836330e16229182522ca087/node_modules/next/dist/compiled/react-dom/cjs/react-dom-client.development.js:11978:29)
    at commitHookPassiveMountEffects (webpack-internal:///(app-pages-browser)/./node_modules/.pnpm/next@15.3.4_@babel+core@7.2_96ebd3291836330e16229182522ca087/node_modules/next/dist/compiled/react-dom/cjs/react-dom-client.development.js:12099:11)
    at commitPassiveMountOnFiber (webpack-internal:///(app-pages-browser)/./node_modules/.pnpm/next@15.3.4_@babel+core@7.2_96ebd3291836330e16229182522ca087/node_modules/next/dist/compiled/react-dom/cjs/react-dom-client.development.js:13929:13)
    at recursivelyTraversePassiveMountEffects (webpack-internal:///(app-pages-browser)/./node_modules/.pnpm/next@15.3.4_@babel+core@7.2_96ebd3291836330e16229182522ca087/node_modules/next/dist/compiled/react-dom/cjs/react-dom-client.development.js:13902:11)
    at commitPassiveMountOnFiber (webpack-internal:///(app-pages-browser)/./node_modules/.pnpm/next@15.3.4_@babel+core@7.2_96ebd3291836330e16229182522ca087/node_modules/next/dist/compiled/react-dom/cjs/react-dom-client.development.js:14048:11)
    at recursivelyTraversePassiveMountEffects (webpack-internal:///(app-pages-browser)/./node_modules/.pnpm/next@15.3.4_@babel+core@7.2_96ebd3291836330e16229182522ca087/node_modules/next/dist/compiled/react-dom/cjs/react-dom-client.development.js:13902:11)
    at commitPassiveMountOnFiber (webpack-internal:///(app-pages-browser)/./node_modules/.pnpm/next@15.3.4_@babel+core@7.2_96ebd3291836330e16229182522ca087/node_modules/next/dist/compiled/react-dom/cjs/react-dom-client.development.js:14048:11)
    at recursivelyTraversePassiveMountEffects (webpack-internal:///(app-pages-browser)/./node_modules/.pnpm/next@15.3.4_@babel+core@7.2_96ebd3291836330e16229182522ca087/node_modules/next/dist/compiled/react-dom/cjs/react-dom-client.development.js:13902:11)
    at commitPassiveMountOnFiber (webpack-internal:///(app-pages-browser)/./node_modules/.pnpm/next@15.3.4_@babel+core@7.2_96ebd3291836330e16229182522ca087/node_modules/next/dist/compiled/react-dom/cjs/react-dom-client.development.js:14048:11)
    at recursivelyTraversePassiveMountEffects (webpack-internal:///(app-pages-browser)/./node_modules/.pnpm/next@15.3.4_@babel+core@7.2_96ebd3291836330e16229182522ca087/node_modules/next/dist/compiled/react-dom/cjs/react-dom-client.development.js:13902:11)
    at commitPassiveMountOnFiber (webpack-internal:///(app-pages-browser)/./node_modules/.pnpm/next@15.3.4_@babel+core@7.2_96ebd3291836330e16229182522ca087/node_modules/next/dist/compiled/react-dom/cjs/react-dom-client.development.js:14048:11)
    at recursivelyTraversePassiveMountEffects (webpack-internal:///(app-pages-browser)/./node_modules/.pnpm/next@15.3.4_@babel+core@7.2_96ebd3291836330e16229182522ca087/node_modules/next/dist/compiled/react-dom/cjs/react-dom-client.development.js:13902:11)
    at commitPassiveMountOnFiber (webpack-internal:///(app-pages-browser)/./node_modules/.pnpm/next@15.3.4_@babel+core@7.2_96ebd3291836330e16229182522ca087/node_modules/next/dist/compiled/react-dom/cjs/react-dom-client.development.js:14048:11)
    at recursivelyTraversePassiveMountEffects (webpack-internal:///(app-pages-browser)/./node_modules/.pnpm/next@15.3.4_@babel+core@7.2_96ebd3291836330e16229182522ca087/node_modules/next/dist/compiled/react-dom/cjs/react-dom-client.development.js:13902:11)
    at commitPassiveMountOnFiber (webpack-internal:///(app-pages-browser)/./node_modules/.pnpm/next@15.3.4_@babel+core@7.2_96ebd3291836330e16229182522ca087/node_modules/next/dist/compiled/react-dom/cjs/react-dom-client.development.js:14048:11)
    at recursivelyTraversePassiveMountEffects (webpack-internal:///(app-pages-browser)/./node_modules/.pnpm/next@15.3.4_@babel+core@7.2_96ebd3291836330e16229182522ca087/node_modules/next/dist/compiled/react-dom/cjs/react-dom-client.development.js:13902:11)
    at commitPassiveMountOnFiber (webpack-internal:///(app-pages-browser)/./node_modules/.pnpm/next@15.3.4_@babel+core@7.2_96ebd3291836330e16229182522ca087/node_modules/next/dist/compiled/react-dom/cjs/react-dom-client.development.js:13922:11)
    at recursivelyTraversePassiveMountEffects (webpack-internal:///(app-pages-browser)/./node_modules/.pnpm/next@15.3.4_@babel+core@7.2_96ebd3291836330e16229182522ca087/node_modules/next/dist/compiled/react-dom/cjs/react-dom-client.development.js:13902:11)
    at commitPassiveMountOnFiber (webpack-internal:///(app-pages-browser)/./node_modules/.pnpm/next@15.3.4_@babel+core@7.2_96ebd3291836330e16229182522ca087/node_modules/next/dist/compiled/react-dom/cjs/react-dom-client.development.js:13932:11)
    at recursivelyTraversePassiveMountEffects (webpack-internal:///(app-pages-browser)/./node_modules/.pnpm/next@15.3.4_@babel+core@7.2_96ebd3291836330e16229182522ca087/node_modules/next/dist/compiled/react-dom/cjs/react-dom-client.development.js:13902:11)
    at commitPassiveMountOnFiber (webpack-internal:///(app-pages-browser)/./node_modules/.pnpm/next@15.3.4_@babel+core@7.2_96ebd3291836330e16229182522ca087/node_modules/next/dist/compiled/react-dom/cjs/react-dom-client.development.js:13922:11)
    at recursivelyTraversePassiveMountEffects (webpack-internal:///(app-pages-browser)/./node_modules/.pnpm/next@15.3.4_@babel+core@7.2_96ebd3291836330e16229182522ca087/node_modules/next/dist/compiled/react-dom/cjs/react-dom-client.development.js:13902:11)
    at commitPassiveMountOnFiber (webpack-internal:///(app-pages-browser)/./node_modules/.pnpm/next@15.3.4_@babel+core@7.2_96ebd3291836330e16229182522ca087/node_modules/next/dist/compiled/react-dom/cjs/react-dom-client.development.js:13922:11)
    at recursivelyTraversePassiveMountEffects (webpack-internal:///(app-pages-browser)/./node_modules/.pnpm/next@15.3.4_@babel+core@7.2_96ebd3291836330e16229182522ca087/node_modules/next/dist/compiled/react-dom/cjs/react-dom-client.development.js:13902:11)
    at commitPassiveMountOnFiber (webpack-internal:///(app-pages-browser)/./node_modules/.pnpm/next@15.3.4_@babel+core@7.2_96ebd3291836330e16229182522ca087/node_modules/next/dist/compiled/react-dom/cjs/react-dom-client.development.js:14048:11)
    at recursivelyTraversePassiveMountEffects (webpack-internal:///(app-pages-browser)/./node_modules/.pnpm/next@15.3.4_@babel+core@7.2_96ebd3291836330e16229182522ca087/node_modules/next/dist/compiled/react-dom/cjs/react-dom-client.development.js:13902:11)
    at commitPassiveMountOnFiber (webpack-internal:///(app-pages-browser)/./node_modules/.pnpm/next@15.3.4_@babel+core@7.2_96ebd3291836330e16229182522ca087/node_modules/next/dist/compiled/react-dom/cjs/react-dom-client.development.js:13922:11)
    at recursivelyTraversePassiveMountEffects (webpack-internal:///(app-pages-browser)/./node_modules/.pnpm/next@15.3.4_@babel+core@7.2_96ebd3291836330e16229182522ca087/node_modules/next/dist/compiled/react-dom/cjs/react-dom-client.development.js:13902:11)
    at commitPassiveMountOnFiber (webpack-internal:///(app-pages-browser)/./node_modules/.pnpm/next@15.3.4_@babel+core@7.2_96ebd3291836330e16229182522ca087/node_modules/next/dist/compiled/react-dom/cjs/react-dom-client.development.js:13922:11)
    at recursivelyTraversePassiveMountEffects (webpack-internal:///(app-pages-browser)/./node_modules/.pnpm/next@15.3.4_@babel+core@7.2_96ebd3291836330e16229182522ca087/node_modules/next/dist/compiled/react-dom/cjs/react-dom-client.development.js:13902:11)
    at commitPassiveMountOnFiber (webpack-internal:///(app-pages-browser)/./node_modules/.pnpm/next@15.3.4_@babel+core@7.2_96ebd3291836330e16229182522ca087/node_modules/next/dist/compiled/react-dom/cjs/react-dom-client.development.js:14048:11)
    at recursivelyTraversePassiveMountEffects (webpack-internal:///(app-pages-browser)/./node_modules/.pnpm/next@15.3.4_@babel+core@7.2_96ebd3291836330e16229182522ca087/node_modules/next/dist/compiled/react-dom/cjs/react-dom-client.development.js:13902:11)
    at commitPassiveMountOnFiber (webpack-internal:///(app-pages-browser)/./node_modules/.pnpm/next@15.3.4_@babel+core@7.2_96ebd3291836330e16229182522ca087/node_modules/next/dist/compiled/react-dom/cjs/react-dom-client.development.js:14048:11)
    at recursivelyTraversePassiveMountEffects (webpack-internal:///(app-pages-browser)/./node_modules/.pnpm/next@15.3.4_@babel+core@7.2_96ebd3291836330e16229182522ca087/node_modules/next/dist/compiled/react-dom/cjs/react-dom-client.development.js:13902:11)
    at commitPassiveMountOnFiber (webpack-internal:///(app-pages-browser)/./node_modules/.pnpm/next@15.3.4_@babel+core@7.2_96ebd3291836330e16229182522ca087/node_modules/next/dist/compiled/react-dom/cjs/react-dom-client.development.js:13941:11)
    at flushPassiveEffects (webpack-internal:///(app-pages-browser)/./node_modules/.pnpm/next@15.3.4_@babel+core@7.2_96ebd3291836330e16229182522ca087/node_modules/next/dist/compiled/react-dom/cjs/react-dom-client.development.js:15869:9)
    at eval (webpack-internal:///(app-pages-browser)/./node_modules/.pnpm/next@15.3.4_@babel+core@7.2_96ebd3291836330e16229182522ca087/node_modules/next/dist/compiled/react-dom/cjs/react-dom-client.development.js:15505:15)
    at MessagePort.performWorkUntilDeadline (webpack-internal:///(app-pages-browser)/./node_modules/.pnpm/next@15.3.4_@babel+core@7.2_96ebd3291836330e16229182522ca087/node_modules/next/dist/compiled/scheduler/cjs/scheduler.development.js:45:48)
