[  500711ms] [ERROR] ./src/components/landing/LandingPage.tsx
Error: ENOENT: no such file or directory, open 'C:\temp\Lyra-MetaCare\src\components\landing\LandingPage.tsx'

Import trace for requested module:
./src/components/landing/LandingPage.tsx
./src/app/page.tsx @ webpack-internal:///(app-pages-browser)/./node_modules/.pnpm/next@15.3.4_@babel+core@7.2_96ebd3291836330e16229182522ca087/node_modules/next/dist/client/components/globals/intercept-console-error.js:49
[  500966ms] [ERROR] ./src/components/landing/LandingPage.tsx
Error: ENOENT: no such file or directory, open 'C:\temp\Lyra-MetaCare\src\components\landing\LandingPage.tsx'

Import trace for requested module:
./src/components/landing/LandingPage.tsx
./src/app/page.tsx @ webpack-internal:///(app-pages-browser)/./node_modules/.pnpm/next@15.3.4_@babel+core@7.2_96ebd3291836330e16229182522ca087/node_modules/next/dist/client/components/globals/intercept-console-error.js:49
[  583289ms] [ERROR] ./src/components/landing/LandingPage.tsx
Error: ENOENT: no such file or directory, open 'C:\temp\Lyra-MetaCare\src\components\landing\LandingPage.tsx'

Import trace for requested module:
./src/components/landing/LandingPage.tsx
./src/app/page.tsx @ webpack-internal:///(app-pages-browser)/./node_modules/.pnpm/next@15.3.4_@babel+core@7.2_96ebd3291836330e16229182522ca087/node_modules/next/dist/client/components/globals/intercept-console-error.js:49
[  585819ms] [ERROR] ./src/components/landing/LandingPage.tsx
Error: ENOENT: no such file or directory, open 'C:\temp\Lyra-MetaCare\src\components\landing\LandingPage.tsx'

Import trace for requested module:
./src/components/landing/LandingPage.tsx
./src/app/page.tsx @ webpack-internal:///(app-pages-browser)/./node_modules/.pnpm/next@15.3.4_@babel+core@7.2_96ebd3291836330e16229182522ca087/node_modules/next/dist/client/components/globals/intercept-console-error.js:49
[  587549ms] [ERROR] ./src/components/landing/LandingPage.tsx
Error: ENOENT: no such file or directory, open 'C:\temp\Lyra-MetaCare\src\components\landing\LandingPage.tsx'

Import trace for requested module:
./src/components/landing/LandingPage.tsx
./src/app/page.tsx @ webpack-internal:///(app-pages-browser)/./node_modules/.pnpm/next@15.3.4_@babel+core@7.2_96ebd3291836330e16229182522ca087/node_modules/next/dist/client/components/globals/intercept-console-error.js:49
[  588695ms] [ERROR] ./src/components/landing/LandingPage.tsx
Error: ENOENT: no such file or directory, open 'C:\temp\Lyra-MetaCare\src\components\landing\LandingPage.tsx' @ webpack-internal:///(app-pages-browser)/./node_modules/.pnpm/next@15.3.4_@babel+core@7.2_96ebd3291836330e16229182522ca087/node_modules/next/dist/client/components/globals/intercept-console-error.js:49
[  588864ms] [ERROR] ./src/components/landing/LandingPage.tsx
Error: ENOENT: no such file or directory, open 'C:\temp\Lyra-MetaCare\src\components\landing\LandingPage.tsx'

Import trace for requested module:
./src/components/landing/LandingPage.tsx
./src/app/page.tsx @ webpack-internal:///(app-pages-browser)/./node_modules/.pnpm/next@15.3.4_@babel+core@7.2_96ebd3291836330e16229182522ca087/node_modules/next/dist/client/components/globals/intercept-console-error.js:49
[  589396ms] [ERROR] ./src/components/landing/LandingPage.tsx
Error: ENOENT: no such file or directory, open 'C:\temp\Lyra-MetaCare\src\components\landing\LandingPage.tsx'

Import trace for requested module:
./src/components/landing/LandingPage.tsx
./src/app/page.tsx @ webpack-internal:///(app-pages-browser)/./node_modules/.pnpm/next@15.3.4_@babel+core@7.2_96ebd3291836330e16229182522ca087/node_modules/next/dist/client/components/globals/intercept-console-error.js:49
[  589427ms] [ERROR] ./src/components/landing/LandingPage.tsx
Error: ENOENT: no such file or directory, open 'C:\temp\Lyra-MetaCare\src\components\landing\LandingPage.tsx'

Import trace for requested module:
./src/components/landing/LandingPage.tsx
./src/app/page.tsx @ webpack-internal:///(app-pages-browser)/./node_modules/.pnpm/next@15.3.4_@babel+core@7.2_96ebd3291836330e16229182522ca087/node_modules/next/dist/client/components/globals/intercept-console-error.js:49
[  590102ms] [ERROR] ./src/components/landing/LandingPage.tsx
Error: ENOENT: no such file or directory, open 'C:\temp\Lyra-MetaCare\src\components\landing\LandingPage.tsx'

Import trace for requested module:
./src/components/landing/LandingPage.tsx
./src/app/page.tsx @ webpack-internal:///(app-pages-browser)/./node_modules/.pnpm/next@15.3.4_@babel+core@7.2_96ebd3291836330e16229182522ca087/node_modules/next/dist/client/components/globals/intercept-console-error.js:49
[  591488ms] [ERROR] ./src/components/landing/LandingPage.tsx
Error: ENOENT: no such file or directory, open 'C:\temp\Lyra-MetaCare\src\components\landing\LandingPage.tsx'

Import trace for requested module:
./src/components/landing/LandingPage.tsx
./src/app/page.tsx @ webpack-internal:///(app-pages-browser)/./node_modules/.pnpm/next@15.3.4_@babel+core@7.2_96ebd3291836330e16229182522ca087/node_modules/next/dist/client/components/globals/intercept-console-error.js:49
[  622960ms] [ERROR] ./src/components/landing/LandingPage.tsx
Error: ENOENT: no such file or directory, open 'C:\temp\Lyra-MetaCare\src\components\landing\LandingPage.tsx' @ webpack-internal:///(app-pages-browser)/./node_modules/.pnpm/next@15.3.4_@babel+core@7.2_96ebd3291836330e16229182522ca087/node_modules/next/dist/client/components/globals/intercept-console-error.js:49
[  657429ms] [ERROR] ./src/components/landing/LandingPage.tsx
Error: ENOENT: no such file or directory, open 'C:\temp\Lyra-MetaCare\src\components\landing\LandingPage.tsx' @ webpack-internal:///(app-pages-browser)/./node_modules/.pnpm/next@15.3.4_@babel+core@7.2_96ebd3291836330e16229182522ca087/node_modules/next/dist/client/components/globals/intercept-console-error.js:49
[  725599ms] [ERROR] ./src/components/landing/LandingPage.tsx
Error: ENOENT: no such file or directory, open 'C:\temp\Lyra-MetaCare\src\components\landing\LandingPage.tsx'

Import trace for requested module:
./src/components/landing/LandingPage.tsx
./src/app/page.tsx @ webpack-internal:///(app-pages-browser)/./node_modules/.pnpm/next@15.3.4_@babel+core@7.2_96ebd3291836330e16229182522ca087/node_modules/next/dist/client/components/globals/intercept-console-error.js:49
[  730328ms] [ERROR] Failed to load resource: the server responded with a status of 500 (Internal Server Error) @ http://localhost:3000/api/public/plans:0
