[GET] http://localhost:3000/api/auth/session => [200] OK
[GET] http://localhost:3000/api/public/page-config/login => [FAILED] net::ERR_ABORTED
[GET] http://localhost:3000/api/public/page-config/login => [200] OK
[GET] http://localhost:3000/api/public/page-config/login => [FAILED] net::ERR_ABORTED
[POST] http://localhost:3000/api/auth/login => [200] OK
[GET] http://localhost:3000/api/data/profiles?select=onboarding_completed%2C+role&filters=%5B%7B%22type%22%3A%22eq%22%2C%22column%22%3A%22id%22%2C%22value%22%3A%221a8a84dc-18ab-4fec-b2ba-c61bdf8a8f71%22%7D%5D => [200] OK
[GET] http://localhost:3000/?_rsc=ak96a => [200] OK
[GET] http://localhost:3000/?_rsc=ak96a => [200] OK
[GET] http://localhost:3000/?_rsc=ak96a => [200] OK
[GET] http://localhost:3000/?_rsc=ak96a => [200] OK
[GET] http://localhost:3000/?_rsc=ak96a => [200] OK
[GET] http://localhost:3000/?_rsc=ak96a => [200] OK
[GET] http://localhost:3000/api/data/profiles?select=first_name&filters=%5B%7B%22type%22%3A%22eq%22%2C%22column%22%3A%22id%22%2C%22value%22%3A%221a8a84dc-18ab-4fec-b2ba-c61bdf8a8f71%22%7D%5D&singleMode=maybeSingle => [200] OK
[GET] http://localhost:3000/api/data/profiles?select=first_name&filters=%5B%7B%22type%22%3A%22eq%22%2C%22column%22%3A%22id%22%2C%22value%22%3A%221a8a84dc-18ab-4fec-b2ba-c61bdf8a8f71%22%7D%5D&singleMode=maybeSingle => [200] OK
[GET] http://localhost:3000/api/account/subscription => [200] OK
[GET] http://localhost:3000/api/account/subscription => [200] OK
[GET] http://localhost:3000/api/account/subscription => [200] OK
[GET] http://localhost:3000/api/account/subscription => [200] OK
[GET] http://localhost:3000/api/account/subscription => [200] OK
[GET] http://localhost:3000/api/account/subscription => [200] OK
[GET] http://localhost:3000/api/data/profiles?select=first_name%2C+avatar_url&filters=%5B%7B%22type%22%3A%22eq%22%2C%22column%22%3A%22id%22%2C%22value%22%3A%221a8a84dc-18ab-4fec-b2ba-c61bdf8a8f71%22%7D%5D&singleMode=maybeSingle => [200] OK
[GET] http://localhost:3000/api/data/profiles?select=avatar_url%2C+first_name&filters=%5B%7B%22type%22%3A%22eq%22%2C%22column%22%3A%22id%22%2C%22value%22%3A%221a8a84dc-18ab-4fec-b2ba-c61bdf8a8f71%22%7D%5D&singleMode=maybeSingle => [200] OK
[GET] http://localhost:3000/api/data/profiles?select=first_name%2C+avatar_url&filters=%5B%7B%22type%22%3A%22eq%22%2C%22column%22%3A%22id%22%2C%22value%22%3A%221a8a84dc-18ab-4fec-b2ba-c61bdf8a8f71%22%7D%5D&singleMode=maybeSingle => [200] OK
[GET] http://localhost:3000/api/data/profiles?select=avatar_url%2C+first_name&filters=%5B%7B%22type%22%3A%22eq%22%2C%22column%22%3A%22id%22%2C%22value%22%3A%221a8a84dc-18ab-4fec-b2ba-c61bdf8a8f71%22%7D%5D&singleMode=maybeSingle => [200] OK
[POST] http://localhost:3000/api/functions/calculate-longevity-score => [200] OK
[GET] http://localhost:3000/api/data/ai_tips?select=*&filters=%5B%7B%22type%22%3A%22eq%22%2C%22column%22%3A%22is_active%22%2C%22value%22%3Atrue%7D%5D&count=exact&head=true => [200] OK
[GET] http://localhost:3000/api/data/daily_metrics?select=%0A++++++++date%2C+steps%2C+sleep_duration_minutes%2C+resting_heart_rate%2C+calories_burned%2C+hrv_ms%2C+deep_sleep_minutes%2C%0A++++++++resting_heart_rate_min%2C+resting_heart_rate_max%2C+spo2_average%2C+respiratory_rate%2C+body_temperature_celsius%2C%0A++++++++total_distance_km%2C+active_minutes%2C+workout_calories%2C+vo2_max%2C+sleep_latency_minutes%2C+rem_sleep_minutes%2C%0A++++++++light_sleep_minutes%2C+sleep_efficiency%2C+sleep_score%2C+protein_grams%2C+carb_grams%2C+fat_grams%2C+water_liters%2C%0A++++++++caffeine_mg%2C+stress_score%2C+recovery_score%2C+readiness_score%2C+blood_glucose_mgdl%2C+blood_pressure_systolic%2C%0A++++++++blood_pressure_diastolic%2C+weight_kg%2C+mood_score%2C+meditation_minutes%2C%0A++++++++hrr_1min_bpm%2C%0A++++++++sleep_regularity_index%2C+social_jetlag_hours%2C+waso_minutes%2C%0A++++++++training_load_epoc%2C+daily_strain%2C+sedentary_hours%2C+sedentary_breaks%2C%0A++++++++time_in_range_percent%2C+glycemic_variability_cv%2C+gmi_percent%2C+post_prandial_peak_mgdl%2C+time_below_range_percent%2C+iauc_per_meal_mgdl_h%2C%0A++++++++whtr_ratio%2C+protein_g_per_kg%2C+dietary_fiber_grams%2C+eating_window_hours%2C+sodium_potassium_ratio%2C+hydration_ml_per_kg%2C%0A++++++++reaction_time_pvt_ms%2C+pvt_lapses_count%2C+cognitive_test_score%2C+hrv_stress_index%2C+eda_tonic_microsiemens%2C+afib_history_percent%0A++++++&filters=%5B%7B%22type%22%3A%22eq%22%2C%22column%22%3A%22user_id%22%2C%22value%22%3A%221a8a84dc-18ab-4fec-b2ba-c61bdf8a8f71%22%7D%2C%7B%22type%22%3A%22gte%22%2C%22column%22%3A%22date%22%2C%22value%22%3A%222026-03-19%22%7D%2C%7B%22type%22%3A%22lte%22%2C%22column%22%3A%22date%22%2C%22value%22%3A%222026-03-25%22%7D%5D&orders=%5B%7B%22column%22%3A%22date%22%2C%22ascending%22%3Atrue%7D%5D => [200] OK
[GET] http://localhost:3000/api/data/ai_tips?select=*&filters=%5B%7B%22type%22%3A%22eq%22%2C%22column%22%3A%22is_active%22%2C%22value%22%3Atrue%7D%5D&count=exact&head=true => [200] OK
[GET] http://localhost:3000/api/data/ai_tips?select=id%2C+title%2C+detail&filters=%5B%7B%22type%22%3A%22eq%22%2C%22column%22%3A%22is_active%22%2C%22value%22%3Atrue%7D%5D&rangeFrom=0&rangeTo=0&singleMode=maybeSingle => [200] OK
[GET] http://localhost:3000/api/data/ai_tips?select=*&filters=%5B%7B%22type%22%3A%22eq%22%2C%22column%22%3A%22is_active%22%2C%22value%22%3Atrue%7D%5D&count=exact&head=true => [200] OK
[GET] http://localhost:3000/api/data/ai_tips?select=*&filters=%5B%7B%22type%22%3A%22eq%22%2C%22column%22%3A%22is_active%22%2C%22value%22%3Atrue%7D%5D&count=exact&head=true => [200] OK
[GET] http://localhost:3000/api/data/ai_tips?select=id%2C+title%2C+detail&filters=%5B%7B%22type%22%3A%22eq%22%2C%22column%22%3A%22is_active%22%2C%22value%22%3Atrue%7D%5D&rangeFrom=0&rangeTo=0&singleMode=maybeSingle => [200] OK
[GET] http://localhost:3000/api/data/ai_tips?select=id%2C+title%2C+detail&filters=%5B%7B%22type%22%3A%22eq%22%2C%22column%22%3A%22is_active%22%2C%22value%22%3Atrue%7D%5D&rangeFrom=0&rangeTo=0&singleMode=maybeSingle => [200] OK
[GET] http://localhost:3000/api/data/ai_tips?select=id%2C+title%2C+detail&filters=%5B%7B%22type%22%3A%22eq%22%2C%22column%22%3A%22is_active%22%2C%22value%22%3Atrue%7D%5D&rangeFrom=0&rangeTo=0&singleMode=maybeSingle => [200] OK